// Jest Snapshot v1, https://goo.gl/fbAQLP

exports[`getTrends Saga should call the repoLoadingError action if the response errors 1`] = `
Object {
  "@@redux-saga/IO": true,
  "CALL": Object {
    "args": Array [
      "/api/trends",
    ],
    "context": null,
    "fn": [Function],
  },
}
`;

exports[`getTrends Saga should dispatch the trendsLoaded action if it requests the data successfully 1`] = `
Object {
  "@@redux-saga/IO": true,
  "CALL": Object {
    "args": Array [
      "/api/trends",
    ],
    "context": null,
    "fn": [Function],
  },
}
`;
